// Jest Snapshot v1, https://goo.gl/fbAQLP

exports[`Components MenuItem renders correctly across screens 1`] = `
<Pressable
  onPress={[Function]}
  style={
    Object {
      "alignItems": "center",
      "alignSelf": "center",
      "backgroundColor": "#ffffff",
      "borderColor": "#e0e4ed",
      "borderStyle": "solid",
      "borderWidth": 1,
      "flexDirection": "row",
      "justifyContent": "space-between",
      "marginBottom": 8,
      "paddingLeft": 25,
      "paddingRight": 16,
      "paddingVertical": 17,
      "width": 637.5,
    }
  }
>
  <View
    style={
      Object {
        "alignItems": "center",
        "flexDirection": "row",
      }
    }
  >
    <Image
      source={
        Object {
          "uri": "",
        }
      }
      style={
        Object {
          "height": 52.5,
          "justifyContent": "center",
          "marginRight": 10,
          "width": 52.5,
        }
      }
    />
    <View>
      <Text
        style={
          Object {
            "color": "#3a4049",
            "fontFamily": "SourceSansPro-SemiBold",
            "fontSize": 37.5,
            "fontWeight": "600",
            "letterSpacing": 0.11,
            "marginBottom": 2,
          }
        }
        testID="title"
      />
      <Text>
        description
      </Text>
    </View>
  </View>
  <[object Object]
    fill="#000e38"
    testID="arrow"
  />
</Pressable>
`;
