// Jest Snapshot v1, https://goo.gl/fbAQLP

exports[`Feedback section should render without issues 1`] = `""`;
